// Jest Snapshot v1, https://goo.gl/fbAQLP

exports[`evaluateFhirDataServices tests Evaluate Encounter Care Team should return the correct Encounter care team 1`] = `
<BaseTable
  caption="Encounter Care Team"
  className="caption-normal-weight margin-bottom-2 caption-data-title margin-y-0"
  columns={
    [
      {
        "className": "bg-gray-5 minw-10",
        "columnName": "Name",
      },
      {
        "className": "bg-gray-5 minw-10",
        "columnName": "Role",
      },
      {
        "className": "bg-gray-5 minw-10",
        "columnName": "Dates",
      },
    ]
  }
  fixed={false}
  outerBorder={true}
>
  <tr>
    <td>
      <span
        className="no-data text-italic text-base"
      >
        No data
      </span>
    </td>
    <td>
      ATND
    </td>
    <td>
      <span
        className="no-data text-italic text-base"
      >
        No data
      </span>
    </td>
  </tr>
</BaseTable>
`;
