// Jest Snapshot v1, https://goo.gl/fbAQLP

exports[`LabsService tests Labs Utils returnFieldValueFromLabHtmlString extracts correct field value from within a lab report 1`] = `
<React.Fragment>
  <p>
    <span>
      <i>
        09/28/2000 1:59:00 PM PDT
      </i>
    </span>
  </p>
  <p>
    <span>
      09/28/2000 1:59:00 PM PDT
    </span>
  </p>
</React.Fragment>
`;
