// Jest Snapshot v1, https://goo.gl/fbAQLP

exports[`Travel History should display a table  1`] = `
<div>
  <table
    class="usa-table usa-table--borderless width-full table-caption-margin caption-normal-weight margin-bottom-2 caption-data-title margin-y-0 border-top border-left border-right"
    data-testid="table"
  >
    <caption>
      Travel History
    </caption>
    <thead>
      <tr>
        <th
          class="tableHeader bg-gray-5 minw-10"
          scope="col"
        >
          Location
        </th>
        <th
          class="tableHeader bg-gray-5 minw-10"
          scope="col"
        >
          Start Date
        </th>
        <th
          class="tableHeader bg-gray-5 minw-10"
          scope="col"
        >
          End Date
        </th>
        <th
          class="tableHeader bg-gray-5 minw-10"
          scope="col"
        >
          Purpose
        </th>
      </tr>
    </thead>
    <tbody>
      <tr>
        <td>
          Traveled to Naboo, Tatooine and Alderaan
        </td>
        <td>
          01/18/1888
        </td>
        <td>
          02/18/1898
        </td>
        <td>
          Active duty military (occupation)
        </td>
      </tr>
    </tbody>
  </table>
</div>
`;
